
> nextn@0.1.0 build
> next build

npm :  ΓÜá Disabling SWC Minifer will not be an option in the next major version. Please report any issues you may be 
experiencing to https://github.com/vercel/next.js/issues
At line:1 char:1
+ npm run build > build_output.txt 2>&1
+ ~~~~~~~~~~~~~~~~~~~~~~~~~~~~~~~~~~~~~
    + CategoryInfo          : NotSpecified: ( ΓÜá Disabling .../next.js/issues:String) [], RemoteException
    + FullyQualifiedErrorId : NativeCommandError
 
  Γû▓ Next.js 14.2.35
  - Environments: .env

   Creating an optimized production build ...
   Linting and checking validity of types ...
 ΓÜá Compiled with warnings

./src/app/(main)/design-studio/page.tsx
Attempted import error: 'ObjectGroup' is not exported from '__barrel_optimize__?names=ArrowDown,ArrowUp,Bold,Check,Chev
ronLeft,ChevronRight,Circle,Copy,Download,Eye,EyeOff,Image,Italic,Layers,LayoutTemplate,Lock,Move,ObjectGroup,ObjectUng
roup,Palette,Percent,PlusCircle,Presentation,Redo,RotateCcw,Square,Text,Trash2,Type,Undo,Unlock,Video,Wand2,X,ZoomIn,Zo
omOut!=!lucide-react' (imported as 'ObjectGroup').

Import trace for requested module:
./src/app/(main)/design-studio/page.tsx

./src/app/(main)/design-studio/page.tsx
Attempted import error: 'ObjectGroup' is not exported from '__barrel_optimize__?names=ArrowDown,ArrowUp,Bold,Check,Chev
ronLeft,ChevronRight,Circle,Copy,Download,Eye,EyeOff,Image,Italic,Layers,LayoutTemplate,Lock,Move,ObjectGroup,ObjectUng
roup,Palette,Percent,PlusCircle,Presentation,Redo,RotateCcw,Square,Text,Trash2,Type,Undo,Unlock,Video,Wand2,X,ZoomIn,Zo
omOut!=!lucide-react' (imported as 'ObjectGroup').

Import trace for requested module:
./src/app/(main)/design-studio/page.tsx

./src/app/(main)/design-studio/page.tsx
Attempted import error: 'ObjectUngroup' is not exported from '__barrel_optimize__?names=ArrowDown,ArrowUp,Bold,Check,Ch
evronLeft,ChevronRight,Circle,Copy,Download,Eye,EyeOff,Image,Italic,Layers,LayoutTemplate,Lock,Move,ObjectGroup,ObjectU
ngroup,Palette,Percent,PlusCircle,Presentation,Redo,RotateCcw,Square,Text,Trash2,Type,Undo,Unlock,Video,Wand2,X,ZoomIn,
ZoomOut!=!lucide-react' (imported as 'ObjectUngroup').

Import trace for requested module:
./src/app/(main)/design-studio/page.tsx

./src/app/(main)/design-studio/page.tsx
Attempted import error: 'ObjectGroup' is not exported from '__barrel_optimize__?names=ArrowDown,ArrowUp,Bold,Check,Chev
ronLeft,ChevronRight,Circle,Copy,Download,Eye,EyeOff,Image,Italic,Layers,LayoutTemplate,Lock,Move,ObjectGroup,ObjectUng
roup,Palette,Percent,PlusCircle,Presentation,Redo,RotateCcw,Square,Text,Trash2,Type,Undo,Unlock,Video,Wand2,X,ZoomIn,Zo
omOut!=!lucide-react' (imported as 'ObjectGroup').

Import trace for requested module:
./src/app/(main)/design-studio/page.tsx

./src/app/(main)/design-studio/page.tsx
Attempted import error: 'ObjectGroup' is not exported from '__barrel_optimize__?names=ArrowDown,ArrowUp,Bold,Check,Chev
ronLeft,ChevronRight,Circle,Copy,Download,Eye,EyeOff,Image,Italic,Layers,LayoutTemplate,Lock,Move,ObjectGroup,ObjectUng
roup,Palette,Percent,PlusCircle,Presentation,Redo,RotateCcw,Square,Text,Trash2,Type,Undo,Unlock,Video,Wand2,X,ZoomIn,Zo
omOut!=!lucide-react' (imported as 'ObjectGroup').

Import trace for requested module:
./src/app/(main)/design-studio/page.tsx

./src/app/(main)/design-studio/page.tsx
Attempted import error: 'ObjectUngroup' is not exported from '__barrel_optimize__?names=ArrowDown,ArrowUp,Bold,Check,Ch
evronLeft,ChevronRight,Circle,Copy,Download,Eye,EyeOff,Image,Italic,Layers,LayoutTemplate,Lock,Move,ObjectGroup,ObjectU
ngroup,Palette,Percent,PlusCircle,Presentation,Redo,RotateCcw,Square,Text,Trash2,Type,Undo,Unlock,Video,Wand2,X,ZoomIn,
ZoomOut!=!lucide-react' (imported as 'ObjectUngroup').

Import trace for requested module:
./src/app/(main)/design-studio/page.tsx

Failed to compile.

./src/app/(main)/content-editor/page.tsx:307:40
Type error: Type 'Uint8Array<ArrayBufferLike>' is not assignable to type 'BlobPart'.
  Type 'Uint8Array<ArrayBufferLike>' is not assignable to type 'ArrayBufferView<ArrayBuffer>'.
    Types of property 'buffer' are incompatible.
      Type 'ArrayBufferLike' is not assignable to type 'ArrayBuffer'.
        Type 'SharedArrayBuffer' is missing the following properties from type 'ArrayBuffer': resizable, resize, 
detached, transfer, transferToFixedLength

[0m [90m 305 |[39m[0m
[0m [90m 306 |[39m                 [36mconst[39m resultBytes [33m=[39m [36mawait[39m 
pdfDoc[33m.[39msave()[33m;[39m[0m
[0m[31m[1m>[22m[39m[90m 307 |[39m                 downloadBlob([36mnew[39m 
[33mBlob[39m([resultBytes][33m,[39m { type[33m:[39m [32m'application/pdf'[39m })[33m,[39m 
originalFilename)[33m;[39m[0m
[0m [90m     |[39m                                        [31m[1m^[22m[39m[0m
[0m [90m 308 |[39m             } [36melse[39m {[0m
[0m [90m 309 |[39m                 [90m// Word or Excel - Use jsPDF + html2canvas for "Print to PDF" 
effect[39m[0m
[0m [90m 310 |[39m                 [36mconst[39m html2canvas [33m=[39m ([36mawait[39m 
[36mimport[39m([32m'html2canvas'[39m))[33m.[39m[36mdefault[39m[33m;[39m[0m
Next.js build worker exited with code: 1 and signal: null
